Running build hooks...Running build hooks...  0s freezed on 35 inputs; lib/app.dart
  0s freezed on 35 inputs: 1 skipped; lib/database/app_database.dart
  5s freezed on 35 inputs: 15 skipped, 1 same; spent 3s analyzing, 1s building; lib/models/form/form_submission.dart
  5s freezed on 35 inputs: 34 skipped, 1 same; spent 3s analyzing, 1s building
  0s json_serializable on 70 inputs; lib/app.dart
  0s json_serializable on 70 inputs: 70 skipped
  0s source_gen:combining_builder on 70 inputs; lib/app.dart
  2s source_gen:combining_builder on 70 inputs: 30 skipped, 1 same; spent 1s analyzing; lib/models/form/form_config.freezed.dart
  2s source_gen:combining_builder on 70 inputs: 69 skipped, 1 same; spent 1s analyzing
  0s mockito:mockBuilder on 4 inputs; test/widget_test.dart
  0s mockito:mockBuilder on 4 inputs: 4 skipped
  Built with build_runner/jit in 14s; wrote 2 outputs.
